
Map of Debug\olive.sm8 from link file Debug\olive.lkf - Tue Nov  3 09:54:46 2020


                               --------
                               Segments
                               --------

start 00008080 end 00008097 length    23 segment .const
start 000080bd end 00008db5 length  3320 segment .text
start 00004000 end 00004000 length     0 segment .eeprom
start 00000000 end 00000014 length    20 segment .bsct, initialized
start 000080a4 end 000080b8 length    20 segment .bsct, from
start 00000014 end 00000089 length   117 segment .ubsct
start 00000089 end 00000089 length     0 segment .bit
start 00000089 end 00000089 length     0 segment .share
start 00000100 end 00000105 length     5 segment .data, initialized
start 000080b8 end 000080bd length     5 segment .data, from
start 00000105 end 00000105 length     0 segment .bss
start 00000000 end 00000d66 length  3430 segment .info.
start 00000000 end 000056f2 length 22258 segment .debug
start 00008000 end 00008080 length   128 segment .const
start 00008097 end 000080a4 length    13 segment .init


                               -------
                               Modules
                               -------

C:\Program Files (x86)\COSMIC\FSE_Compilers\CXSTM8\lib\crtsi0.sm8:
start 000080bd end 0000810d length    80 section .text
start 00000105 end 00000105 length     0 section .bss
start 00000014 end 00000014 length     0 section .ubsct
start 00000000 end 00000034 length    52 section .info.

Debug\ata_main.o:
start 0000810d end 00008184 length   119 section .text
start 00000000 end 00000001 length     1 section .bsct
start 00000014 end 00000015 length     1 section .ubsct
start 00000000 end 000002d3 length   723 section .debug
start 00000034 end 000000c5 length   145 section .info.

Debug\ata_controller.o:
start 00008184 end 0000818e length    10 section .text
start 000002d3 end 000003bd length   234 section .debug
start 000000c5 end 0000015c length   151 section .info.

Debug\interrupts.o:
start 0000818e end 00008277 length   233 section .text
start 00000100 end 00000105 length     5 section .data
start ******** end ******** length     0 section .bsct *** removed ***
start 000003bd end 00000754 length   919 section .debug
start 0000015c end 000001ef length   147 section .info.

Debug\low_level_initialization.o:
start 00008277 end 00008364 length   237 section .text
start 00000754 end 000009f7 length   675 section .debug
start 000001ef end 00000290 length   161 section .info.

Debug\stm8s_adc1.o:
start ******** end ******** length     0 section .text *** removed ***
start 000009f7 end 00001f5b length  5476 section .debug
start 00000290 end 00000323 length   147 section .info.

Debug\stm8s_exti.o:
start 00008364 end 0000841c length   184 section .text
start 00001f5b end 000023ea length  1167 section .debug
start 00000323 end 000003b6 length   147 section .info.

Debug\stm8s_gpio.o:
start 0000841c end 000084a3 length   135 section .text
start 000023ea end 00002e7e length  2708 section .debug
start 000003b6 end 00000449 length   147 section .info.

Debug\stm8s_tim4.o:
start ******** end ******** length     0 section .text *** removed ***
start 00002e7e end 000039b3 length  2869 section .debug
start 00000449 end 000004dc length   147 section .info.

Debug\ata_key.o:
start 000084a3 end 0000854a length   167 section .text
start 00000001 end 00000003 length     2 section .bsct
start 00000015 end 00000017 length     2 section .ubsct
start 000039b3 end 00003c1f length   620 section .debug
start 000004dc end 0000056c length   144 section .info.

Debug\ata_message.o:
start 0000854a end 00008552 length     8 section .text
start 00000017 end 0000001b length     4 section .ubsct
start 00003c1f end 00003de7 length   456 section .debug
start 0000056c end 00000600 length   148 section .info.

Debug\trk_message.o:
start 00008552 end 00008910 length   958 section .text
start 00000003 end 0000000a length     7 section .bsct
start 0000001b end 0000007f length   100 section .ubsct
start 00003de7 end 00004af3 length  3340 section .debug
start 00000600 end 00000694 length   148 section .info.
start 00008080 end 00008094 length    20 section .const

Debug\trk_app.o:
start 00008910 end 0000891d length    13 section .text
start 00004af3 end 00004c26 length   307 section .debug
start 00000694 end 00000724 length   144 section .info.

Debug\trk_main.o:
start 0000891d end 00008b8c length   623 section .text
start 0000000a end 00000014 length    10 section .bsct
start 00004c26 end 000052cd length  1703 section .debug
start 00000724 end 000007b5 length   145 section .info.

Debug\trk_messagefunctions.o:
start 00008b8c end 00008b95 length     9 section .text
start 000052cd end 000054ff length   562 section .debug
start 000007b5 end 00000852 length   157 section .info.
start 00008094 end 00008097 length     3 section .const

Debug\trk_misc.o:
start 000054ff end 00005543 length    68 section .debug
start 00000852 end 000008e3 length   145 section .info.

Debug\main.o:
start 00005543 end 00005587 length    68 section .debug
start 000008e3 end 00000970 length   141 section .info.

(C:\Program Files (x86)\COSMIC\FSE_Compilers\CXSTM8\lib\libm0.sm8)bmulx.o:
start 00008b95 end 00008ba3 length    14 section .text
start 00000970 end 000009a0 length    48 section .info.

(C:\Program Files (x86)\COSMIC\FSE_Compilers\CXSTM8\lib\libm0.sm8)imul.o:
start 00008ba3 end 00008bc4 length    33 section .text
start 000009a0 end 000009cf length    47 section .info.

(C:\Program Files (x86)\COSMIC\FSE_Compilers\CXSTM8\lib\libm0.sm8)ladd.o:
start 00008bc4 end 00008bdc length    24 section .text
start 000009cf end 000009fe length    47 section .info.

(C:\Program Files (x86)\COSMIC\FSE_Compilers\CXSTM8\lib\libm0.sm8)lcmp.o:
start 00008bdc end 00008bfc length    32 section .text
start 000009fe end 00000a2d length    47 section .info.

(C:\Program Files (x86)\COSMIC\FSE_Compilers\CXSTM8\lib\libm0.sm8)lgadc.o:
start 00008bfc end 00008c0c length    16 section .text
start 00000a2d end 00000a5d length    48 section .info.

(C:\Program Files (x86)\COSMIC\FSE_Compilers\CXSTM8\lib\libm0.sm8)lreg.o:
start 0000007f end 00000083 length     4 section .ubsct
start 00000a5d end 00000a8c length    47 section .info.

(C:\Program Files (x86)\COSMIC\FSE_Compilers\CXSTM8\lib\libm0.sm8)ltor.o:
start 00008c0c end 00008c1e length    18 section .text
start 00000a8c end 00000abb length    47 section .info.

(C:\Program Files (x86)\COSMIC\FSE_Compilers\CXSTM8\lib\libm0.sm8)ludiv.o:
start 00008c1e end 00008c32 length    20 section .text
start 00000abb end 00000aeb length    48 section .info.

(C:\Program Files (x86)\COSMIC\FSE_Compilers\CXSTM8\lib\libm0.sm8)ldiv.o:
start 00008c32 end 00008d1d length   235 section .text
start 00000aeb end 00000b1a length    47 section .info.

(C:\Program Files (x86)\COSMIC\FSE_Compilers\CXSTM8\lib\libm0.sm8)lgneg.o:
start 00008d1d end 00008d30 length    19 section .text
start 00000b1a end 00000b4a length    48 section .info.

(C:\Program Files (x86)\COSMIC\FSE_Compilers\CXSTM8\lib\libm0.sm8)lneg.o:
start 00008d30 end 00008d45 length    21 section .text
start 00000b4a end 00000b79 length    47 section .info.

(C:\Program Files (x86)\COSMIC\FSE_Compilers\CXSTM8\lib\libm0.sm8)lumod.o:
start 00008d45 end 00008d5f length    26 section .text
start 00000b79 end 00000ba9 length    48 section .info.

(C:\Program Files (x86)\COSMIC\FSE_Compilers\CXSTM8\lib\libm0.sm8)rtol.o:
start 00008d5f end 00008d71 length    18 section .text
start 00000ba9 end 00000bd8 length    47 section .info.

(C:\Program Files (x86)\COSMIC\FSE_Compilers\CXSTM8\lib\libm0.sm8)utolx.o:
start 00008d71 end 00008d78 length     7 section .text
start 00000bd8 end 00000c08 length    48 section .info.

(C:\Program Files (x86)\COSMIC\FSE_Compilers\CXSTM8\lib\libm0.sm8)umul.o:
start 00008d78 end 00008db4 length    60 section .text
start 00000c08 end 00000c37 length    47 section .info.

(C:\Program Files (x86)\COSMIC\FSE_Compilers\CXSTM8\lib\libm0.sm8)xreg.o:
start 00000083 end 00000086 length     3 section .ubsct
start 00000c37 end 00000c66 length    47 section .info.

(C:\Program Files (x86)\COSMIC\FSE_Compilers\CXSTM8\lib\libm0.sm8)yreg.o:
start 00000086 end 00000089 length     3 section .ubsct
start 00000c66 end 00000c95 length    47 section .info.

Debug\stm8_interrupt_vector.o:
start 00008db4 end 00008db5 length     1 section .text
start 00005587 end 000056f2 length   363 section .debug
start 00000c95 end 00000d33 length   158 section .info.
start 00008000 end 00008080 length   128 section .const


                             -----------
                             Stack usage
                             -----------

Debug\ata_controller.o:
_ata_SetInterruptStatus            3   (3)

Debug\ata_key.o:
_ata_KeyCheckThread               48   (3) *** Recursive *** *** pointer() ***
_ata_KeyHandleFromRemote      >   52   (4) *** Recursive *** *** pointer() ***
_ata_KeyInit                      50   (2) *** Recursive *** *** pointer() ***
_ata_KeyOpen                       2   (2)

Debug\ata_main.o:
_WatchdogKick                      2   (2)
_ata_1mstimer                 >    2   (2)
_ata_Get_ZC_Handle            >    2   (2)
_ata_Init                         52   (2) *** Recursive ***
_ata_KickWatchdogThread            4   (2)
_ata_Run                          50   (2) *** Recursive *** *** pointer() ***
_ata_WatchdogInit                 18   (2)
_ata_ZC_Control_Thread             2   (2)

Debug\ata_message.o:
_ata_MessageOpen                   6   (6)
_ata_MessageStackOverflow          2   (2)

Debug\interrupts.o:
_Key_IntHandler               >    9   (9)
_RemoteControl_IntHandler     >   20   (15)
_TIM1_UPD_OVF_IRQ_Handler     >   20   (11)
_TIM2_UPD_OVF_IRQHandler      >   20   (11)
_TIM4_UPD_OVF_IRQHandler      >    5   (5)
_UART1_TX_IRQHandler          >    5   (5)
_ZeroCross_IntHandler         >    9   (9)
_controlThread                >    2   (2)

Debug\low_level_initialization.o:
_IWDG_Settings                >    2   (2)
_InitRegisters                    10   (2)
_Init_GPIO                         8   (2)
_TIM1_Set                     >    2   (2)
_TIM2_Set                          9   (5)
_TIM2_Settings                >    2   (2)
_TIM4_Settings                     2   (2)

Debug\stm8_interrupt_vector.o:
f_NonHandledInterrupt         >    6   (6)

Debug\stm8s_exti.o:
_EXTI_DeInit                       2   (2)
_EXTI_GetExtIntSensitivity    >    3   (3)
_EXTI_GetTLISensitivity       >    3   (3)
_EXTI_SetExtIntSensitivity    >    4   (4)
_EXTI_SetTLISensitivity       >    2   (2)

Debug\stm8s_gpio.o:
_GPIO_DeInit                  >    2   (2)
_GPIO_ExternalPullUpConfig    >    6   (6)
_GPIO_Init                         6   (6)
_GPIO_ReadInputData           >    2   (2)
_GPIO_ReadInputPin                 5   (5)
_GPIO_ReadOutputData          >    2   (2)
_GPIO_ToggleBits              >    5   (5)
_GPIO_Write                   >    5   (5)
_GPIO_WriteHigh                    5   (5)
_GPIO_WriteLow                     5   (5)
_GPIO_WriteReverse            >    5   (5)

Debug\trk_app.o:
_trk_KeyCallback                   3   (3)
_trk_appInit                       4   (2)

Debug\trk_main.o:
_Init_Timer1_PWM              >    4   (4)
_Init_Timer2                      13   (10)
_TIM1_Settings                     2   (2)
_drive_AB                          7   (2)
_drive_AC                          7   (2)
_drive_Allign                      9   (2)
_drive_AllignStep2                 9   (2)
_drive_BA                          7   (2)
_drive_BC                          7   (2)
_drive_CA                          7   (2)
_drive_CB                          7   (2)
_getLowSideDuty                    2   (2)
_getLowSideLoad                    2   (2)
_getResult                    >    7   (4)
_main                         >   54   (2) *** Recursive ***
_setLowSideDuty               >    2   (2)
_setLowSideLoad               >    2   (2)
_stepping                          9   (2)
_testThread                       11   (2)

Debug\trk_message.o:
_trk_CheckMessage                 59   (11) *** Recursive *** *** pointer() ***
_trk_FindAndPushMessage           55   (7) *** Recursive *** *** pointer() ***
_trk_FindMessagePosition           6   (6)
_trk_Fire1msTimer                  5   (3)
_trk_GetMaxMessegeCounter     >    2   (2)
_trk_GetMessageRemainingTime  >   15   (9)
_trk_IsMessagePushed          >   11   (5)
_trk_KillAllMessages               3   (3)
_trk_Message                      45   (5) *** Recursive ***
_trk_MessageInit                   8   (2)
_trk_ProcessMessages              40   (6) *** Recursive ***
_trk_PushMessage                  16   (10)
_trk_PushMessage1ms           >   20   (4)
_trk_PushMessageLong          >   25   (9)
_trk_StopMessage              >   20   (4)

Debug\trk_messagefunctions.o:
_trk_ProcessNull              >    2   (2)

Stack size: 74


                              ---------
                              Call tree
                              ---------
   1 > _EXTI_GetExtIntSensitivity: (3)

   2 > _EXTI_GetTLISensitivity: (3)

   3 > _EXTI_SetExtIntSensitivity: (4)

   4 > _EXTI_SetTLISensitivity: (2)

   5 > _GPIO_DeInit: (2)

   6 > _GPIO_ExternalPullUpConfig: (6)

   7 > _GPIO_ReadInputData: (2)

   8 > _GPIO_ReadOutputData: (2)

   9 > _GPIO_ToggleBits: (5)

  10 > _GPIO_Write: (5)

  11 > _GPIO_WriteReverse: (5)

  12 > _IWDG_Settings: (2)

  13 > _Init_Timer1_PWM: (4)

  14 > _Key_IntHandler: (9)

  15 > _RemoteControl_IntHandler: (15)
  16      + _GPIO_ReadInputPin: (5)
  17      + _GPIO_WriteHigh: (5)
  18      + _GPIO_WriteLow: (5)
       
  19 > _TIM1_Set: (2)

  20 > _TIM1_UPD_OVF_IRQ_Handler: (11)
  21      + _stepping: (2)
  22      |    + _drive_AB: (2)
  23      |    |    + _GPIO_WriteHigh --> 17
  24      |    |    + _GPIO_WriteLow --> 18
          |    | 
  25      |    + _drive_AC: (2)
  26      |    |    + _GPIO_WriteHigh --> 17
  27      |    |    + _GPIO_WriteLow --> 18
          |    | 
  28      |    + _drive_BA: (2)
  29      |    |    + _GPIO_WriteHigh --> 17
  30      |    |    + _GPIO_WriteLow --> 18
          |    | 
  31      |    + _drive_BC: (2)
  32      |    |    + _GPIO_WriteHigh --> 17
  33      |    |    + _GPIO_WriteLow --> 18
          |    | 
  34      |    + _drive_CA: (2)
  35      |    |    + _GPIO_WriteHigh --> 17
  36      |    |    + _GPIO_WriteLow --> 18
          |    | 
  37      |    + _drive_CB: (2)
  38      |    |    + _GPIO_WriteHigh --> 17
  39      |    |    + _GPIO_WriteLow --> 18
          |    | 
          | 
       
  40 > _TIM2_Settings: (2)

  41 > _TIM2_UPD_OVF_IRQHandler: (11)
  42      + _GPIO_WriteHigh --> 17
  43      + _GPIO_WriteLow --> 18
  44      + _TIM2_Set: (5)
       
  45 > _TIM4_UPD_OVF_IRQHandler: (5)

  46 > _UART1_TX_IRQHandler: (5)

  47 > _ZeroCross_IntHandler: (9)

  48 > __stext: (0)

  49 > _ata_1mstimer: (2)

  50 > _ata_Get_ZC_Handle: (2)

  51 > _ata_KeyHandleFromRemote: (4)
  52      + (_ata_KeyCheckThread) ...
  53      + (_ata_KickWatchdogThread) ...
  54      + (_ata_ZC_Control_Thread) ...
  55      + (_testThread) ...
  56      + (_trk_KeyCallback) ...
  57      + (_trk_Message) ...
  58      + (_trk_PushMessage) ...
       
  59 > _controlThread: (2)

  60 > _getResult: (4)

  61 > _main: (2)
  62      + _InitRegisters: (2)
  63      |    + _Init_GPIO: (2)
  64      |    |    + _EXTI_DeInit: (2)
  65      |    |    + _GPIO_Init: (6)
          |    | 
  66      |    + _TIM4_Settings: (2)
          | 
  67      + _Init_Timer2: (10)
  68      + _TIM1_Settings: (2)
  69      + _ata_Init: (2)
  70      |    + _ata_KeyInit: (2)
  71      |    |    + (_ata_KeyCheckThread) ...
  72      |    |    + (_ata_KickWatchdogThread) ...
  73      |    |    + (_ata_ZC_Control_Thread) ...
  74      |    |    + (_testThread) ...
  75      |    |    + (_trk_KeyCallback) ...
  76      |    |    + (_trk_Message) ...
  77      |    |    + (_trk_PushMessage) ...
          |    | 
  78      |    + _ata_SetInterruptStatus: (3)
  79      |    + _ata_WatchdogInit: (2)
  80      |    |    + _trk_PushMessage: (10)
  81      |    |    |    + _ata_MessageStackOverflow: (2)
  82      |    |    |    + _trk_FindMessagePosition: (6)
          |    |    | 
          |    | 
  83      |    + _trk_PushMessage --> 80
          | 
  84      + _ata_Run: (2)
  85      |    + (_ata_KeyCheckThread) ...
  86      |    + (_ata_KickWatchdogThread) ...
  87      |    + (_ata_ZC_Control_Thread) ...
  88      |    + (_testThread) ...
  89      |    + (_trk_KeyCallback) ...
  90      |    + (_trk_Message) ...
  91      |    + (_trk_PushMessage) --> 80
          | 
  92      + _drive_Allign: (2)
  93      |    + _drive_BA --> 28
          | 
  94      + _getLowSideDuty: (2)
  95      + _getLowSideLoad: (2)
  96      + _trk_MessageInit: (2)
  97      |    + _ata_MessageOpen: (6)
  98      |    + _trk_KillAllMessages: (3)
          | 
  99      + _trk_PushMessage --> 80
 100      + _trk_appInit: (2)
 101      |    + _ata_KeyOpen: (2)
          | 
       
 102 > _setLowSideDuty: (2)

 103 > _setLowSideLoad: (2)

 104 > _trk_GetMaxMessegeCounter: (2)

 105 > _trk_GetMessageRemainingTime: (9)
 106      + _trk_FindMessagePosition --> 82
       
 107 > _trk_IsMessagePushed: (5)
 108      + _trk_FindMessagePosition --> 82
       
 109 > _trk_ProcessNull: (2)

 110 > _trk_PushMessage1ms: (4)
 111      + _trk_PushMessage --> 80
       
 112 > _trk_PushMessageLong: (9)
 113      + _trk_PushMessage --> 80
       
 114 > _trk_StopMessage: (4)
 115      + _trk_PushMessage --> 80
       
 116 > f_NonHandledInterrupt: (6)

 117   _EXTI_DeInit --> 64

 118   _GPIO_Init --> 65

 119   _GPIO_ReadInputPin --> 16

 120   _GPIO_WriteHigh --> 17

 121   _GPIO_WriteLow --> 18

 122   _InitRegisters --> 62

 123   _Init_GPIO --> 63

 124   _Init_Timer2 --> 67

 125   _TIM1_Settings --> 68

 126   _TIM2_Set --> 44

 127   _TIM4_Settings --> 66

 128   _WatchdogKick: (2)

 129   _ata_Init --> 69

 130   _ata_KeyCheckThread: (3)
 131      + _GPIO_ReadInputPin --> 16
 132      + (_ata_KeyCheckThread) --> 130
 133      + (_ata_KickWatchdogThread) ...
 134      + (_ata_ZC_Control_Thread) ...
 135      + (_testThread) ...
 136      + (_trk_KeyCallback) ...
 137      + (_trk_Message) ...
 138      + (_trk_PushMessage) --> 80
       
 139   _ata_KeyInit --> 70

 140   _ata_KeyOpen --> 101

 141   _ata_KickWatchdogThread: (2)
 142      + _WatchdogKick --> 128
       
 143   _ata_MessageOpen --> 97

 144   _ata_MessageStackOverflow --> 81

 145   _ata_Run --> 84

 146   _ata_SetInterruptStatus --> 78

 147   _ata_WatchdogInit --> 79

 148   _ata_ZC_Control_Thread: (2)

 149   _drive_AB --> 22

 150   _drive_AC --> 25

 151   _drive_Allign --> 92

 152   _drive_AllignStep2: (2)
 153      + _drive_CA --> 34
       
 154   _drive_BA --> 28

 155   _drive_BC --> 31

 156   _drive_CA --> 34

 157   _drive_CB --> 37

 158   _getLowSideDuty --> 94

 159   _getLowSideLoad --> 95

 160   _stepping --> 21

 161   _testThread: (2)
 162      + _GPIO_WriteHigh --> 17
 163      + _GPIO_WriteLow --> 18
 164      + _drive_AllignStep2 --> 152
       
 165   _trk_CheckMessage: (11)
 166      + (_ata_KeyCheckThread) --> 130
 167      + (_ata_KickWatchdogThread) --> 141
 168      + (_ata_ZC_Control_Thread) --> 148
 169      + (_testThread) --> 161
 170      + (_trk_KeyCallback) ...
 171      + (_trk_Message) ...
 172      + (_trk_PushMessage) --> 80
       
 173   _trk_FindAndPushMessage: (7)
 174      + (_ata_KeyCheckThread) --> 130
 175      + (_ata_KickWatchdogThread) --> 141
 176      + (_ata_ZC_Control_Thread) --> 148
 177      + (_testThread) --> 161
 178      + (_trk_KeyCallback) ...
 179      + (_trk_Message) ...
 180      + _trk_PushMessage --> 80
       
 181   _trk_FindMessagePosition --> 82

 182   _trk_Fire1msTimer: (3)

 183   _trk_KeyCallback: (3)

 184   _trk_KillAllMessages --> 98

 185   _trk_Message: (5)
 186      + _trk_FindAndPushMessage --> 173
 187      + _trk_Fire1msTimer --> 182
 188      + _trk_ProcessMessages: (6)
 189      |    + _trk_CheckMessage --> 165
          | 
       
 190   _trk_MessageInit --> 96

 191   _trk_ProcessMessages --> 188

 192   _trk_PushMessage --> 80

 193   _trk_appInit --> 100



                               -------
                               Symbols
                               -------

_ADC1_AWDChannelConfig         ********   *** removed from Debug\stm8s_adc1.o ***
_ADC1_ClearFlag                ********   *** removed from Debug\stm8s_adc1.o ***
_ADC1_ClearITPendingBit        ********   *** removed from Debug\stm8s_adc1.o ***
_ADC1_Cmd                      ********   *** removed from Debug\stm8s_adc1.o ***
_ADC1_ConversionConfig         ********   *** removed from Debug\stm8s_adc1.o ***
_ADC1_DataBufferCmd            ********   *** removed from Debug\stm8s_adc1.o ***
_ADC1_DeInit                   ********   *** removed from Debug\stm8s_adc1.o ***
_ADC1_ExternalTriggerConfig    ********   *** removed from Debug\stm8s_adc1.o ***
_ADC1_GetAWDChannelStatus      ********   *** removed from Debug\stm8s_adc1.o ***
_ADC1_GetBufferValue           ********   *** removed from Debug\stm8s_adc1.o ***
_ADC1_GetConversionValue       ********   *** removed from Debug\stm8s_adc1.o ***
_ADC1_GetFlagStatus            ********   *** removed from Debug\stm8s_adc1.o ***
_ADC1_GetITStatus              ********   *** removed from Debug\stm8s_adc1.o ***
_ADC1_ITConfig                 ********   *** removed from Debug\stm8s_adc1.o ***
_ADC1_Init                     ********   *** removed from Debug\stm8s_adc1.o ***
_ADC1_PrescalerConfig          ********   *** removed from Debug\stm8s_adc1.o ***
_ADC1_ScanModeCmd              ********   *** removed from Debug\stm8s_adc1.o ***
_ADC1_SchmittTriggerConfig     ********   *** removed from Debug\stm8s_adc1.o ***
_ADC1_SetHighThreshold         ********   *** removed from Debug\stm8s_adc1.o ***
_ADC1_SetLowThreshold          ********   *** removed from Debug\stm8s_adc1.o ***
_ADC1_StartConversion          ********   *** removed from Debug\stm8s_adc1.o ***
_EXTI_DeInit                   00008364   defined in Debug\stm8s_exti.o section .text
                                          used in Debug\low_level_initialization.o
_EXTI_GetExtIntSensitivity     000083e0   defined in Debug\stm8s_exti.o section .text
_EXTI_GetTLISensitivity        00008416   defined in Debug\stm8s_exti.o section .text
_EXTI_SetExtIntSensitivity     0000836d   defined in Debug\stm8s_exti.o section .text
_EXTI_SetTLISensitivity        000083d5   defined in Debug\stm8s_exti.o section .text
_GPIO_DeInit                   0000841c   defined in Debug\stm8s_gpio.o section .text
_GPIO_ExternalPullUpConfig     0000848c   defined in Debug\stm8s_gpio.o section .text
_GPIO_Init                     00008424   defined in Debug\stm8s_gpio.o section .text
                                          used in Debug\low_level_initialization.o
_GPIO_ReadInputData            00008484   defined in Debug\stm8s_gpio.o section .text
_GPIO_ReadInputPin             00008487   defined in Debug\stm8s_gpio.o section .text
                                          used in Debug\interrupts.o
                                                  Debug\ata_key.o
_GPIO_ReadOutputData           00008482   defined in Debug\stm8s_gpio.o section .text
_GPIO_ToggleBits               0000849e   defined in Debug\stm8s_gpio.o section .text
_GPIO_Write                    0000846e   defined in Debug\stm8s_gpio.o section .text
_GPIO_WriteHigh                00008472   defined in Debug\stm8s_gpio.o section .text
                                          used in Debug\interrupts.o
                                                  Debug\trk_main.o
_GPIO_WriteLow                 00008477   defined in Debug\stm8s_gpio.o section .text
                                          used in Debug\interrupts.o
                                                  Debug\trk_main.o
_GPIO_WriteReverse             0000847d   defined in Debug\stm8s_gpio.o section .text
_IWDG_Settings                 00008277   defined in Debug\low_level_initialization.o section .text
_InitRegisters                 0000828c   defined in Debug\low_level_initialization.o section .text
                                          used in Debug\trk_main.o
_Init_GPIO                     00008295   defined in Debug\low_level_initialization.o section .text
_Init_Timer1_PWM               0000891d   defined in Debug\trk_main.o section .text
_Init_Timer2                   00008b03   defined in Debug\trk_main.o section .text
_Key_IntHandler                00008276   defined in Debug\interrupts.o section .text
_RemoteControl_IntHandler      0000822b   defined in Debug\interrupts.o section .text
                                          used in Debug\stm8_interrupt_vector.o
_TIM1_Set                      00008343   defined in Debug\low_level_initialization.o section .text
_TIM1_Settings                 00008abe   defined in Debug\trk_main.o section .text
_TIM1_UPD_OVF_IRQ_Handler      000081fb   defined in Debug\interrupts.o section .text
                                          used in Debug\stm8_interrupt_vector.o
_TIM2_Set                      00008305   defined in Debug\low_level_initialization.o section .text
                                          used in Debug\interrupts.o
_TIM2_Settings                 0000832a   defined in Debug\low_level_initialization.o section .text
_TIM2_UPD_OVF_IRQHandler       0000819a   defined in Debug\interrupts.o section .text
                                          used in Debug\stm8_interrupt_vector.o
_TIM4_ARRPreloadConfig         ********   *** removed from Debug\stm8s_tim4.o ***
_TIM4_ClearFlag                ********   *** removed from Debug\stm8s_tim4.o ***
_TIM4_ClearITPendingBit        ********   *** removed from Debug\stm8s_tim4.o ***
_TIM4_Cmd                      ********   *** removed from Debug\stm8s_tim4.o ***
_TIM4_DeInit                   ********   *** removed from Debug\stm8s_tim4.o ***
_TIM4_GenerateEvent            ********   *** removed from Debug\stm8s_tim4.o ***
_TIM4_GetCounter               ********   *** removed from Debug\stm8s_tim4.o ***
_TIM4_GetFlagStatus            ********   *** removed from Debug\stm8s_tim4.o ***
_TIM4_GetITStatus              ********   *** removed from Debug\stm8s_tim4.o ***
_TIM4_GetPrescaler             ********   *** removed from Debug\stm8s_tim4.o ***
_TIM4_ITConfig                 ********   *** removed from Debug\stm8s_tim4.o ***
_TIM4_PrescalerConfig          ********   *** removed from Debug\stm8s_tim4.o ***
_TIM4_SelectOnePulseMode       ********   *** removed from Debug\stm8s_tim4.o ***
_TIM4_SetAutoreload            ********   *** removed from Debug\stm8s_tim4.o ***
_TIM4_SetCounter               ********   *** removed from Debug\stm8s_tim4.o ***
_TIM4_Settings                 000082f0   defined in Debug\low_level_initialization.o section .text
_TIM4_TimeBaseInit             ********   *** removed from Debug\stm8s_tim4.o ***
_TIM4_UPD_OVF_IRQHandler       0000818e   defined in Debug\interrupts.o section .text
                                          used in Debug\stm8_interrupt_vector.o
_TIM4_UpdateDisableConfig      ********   *** removed from Debug\stm8s_tim4.o ***
_TIM4_UpdateRequestConfig      ********   *** removed from Debug\stm8s_tim4.o ***
_UART1_TX_IRQHandler           00008195   defined in Debug\interrupts.o section .text
_WatchdogKick                  0000810d   defined in Debug\ata_main.o section .text
_ZeroCross_IntHandler          0000822a   defined in Debug\interrupts.o section .text
__endmem                       000001ff   defined in command file
                                          *** not used ***
__endzp                        00000089   defined in command file section .ubsct
                                          used in C:\Program Files (x86)\COSMIC\FSE_Compilers\CXSTM8\lib\crtsi0.sm8
__idesc__                      00008097   defined in linker section .init
                                          used in C:\Program Files (x86)\COSMIC\FSE_Compilers\CXSTM8\lib\crtsi0.sm8
__memory                       00000105   defined in command file section .bss
                                          used in C:\Program Files (x86)\COSMIC\FSE_Compilers\CXSTM8\lib\crtsi0.sm8
__stack                        000003ff   defined in command file
                                          used in C:\Program Files (x86)\COSMIC\FSE_Compilers\CXSTM8\lib\crtsi0.sm8
__startmem                     00000105   defined in command file section .bss
                                          *** not used ***
__stext                        000080bd   defined in C:\Program Files (x86)\COSMIC\FSE_Compilers\CXSTM8\lib\crtsi0.sm8 section .text
                                          used in Debug\stm8_interrupt_vector.o
__vectab                       00008000   defined in Debug\stm8_interrupt_vector.o section .const
_allignmentCounter             0000000b   defined in Debug\trk_main.o section .bsct, initialized
_allignmentPhase               0000000c   defined in Debug\trk_main.o section .bsct, initialized
_ata_1mstimer                  00008167   defined in Debug\ata_main.o section .text
_ata_Get_ZC_Handle             00008146   defined in Debug\ata_main.o section .text
_ata_Init                      00008149   defined in Debug\ata_main.o section .text
                                          used in Debug\trk_main.o
_ata_KeyCheckThread            000084cf   defined in Debug\ata_key.o section .text
_ata_KeyHandleFromRemote       000084a6   defined in Debug\ata_key.o section .text
_ata_KeyInit                   0000853e   defined in Debug\ata_key.o section .text
                                          used in Debug\ata_main.o
_ata_KeyOpen                   000084a3   defined in Debug\ata_key.o section .text
                                          used in Debug\trk_app.o
_ata_KickWatchdogThread        00008122   defined in Debug\ata_main.o section .text
_ata_Let_ZeroCrossHandle       00000000   defined in Debug\ata_main.o section .bsct, initialized
_ata_MessageOpen               0000854a   defined in Debug\ata_message.o section .text
                                          used in Debug\trk_message.o
_ata_MessageStackOverflow      00008551   defined in Debug\ata_message.o section .text
                                          used in Debug\trk_message.o
_ata_Run                       00008168   defined in Debug\ata_main.o section .text
                                          used in Debug\trk_main.o
_ata_SetInterruptStatus        00008184   defined in Debug\ata_controller.o section .text
                                          used in Debug\ata_main.o
_ata_TimerFlag                 00000014   defined in Debug\ata_main.o section .ubsct
                                          used in Debug\interrupts.o
_ata_WatchdogInit              0000812d   defined in Debug\ata_main.o section .text
_ata_ZC_Control_Thread         00008139   defined in Debug\ata_main.o section .text
_ata_keycallback               00000015   defined in Debug\ata_key.o section .ubsct
_brk                           ********   *** removed from Debug\interrupts.o ***
_commutationSteps              0000000a   defined in Debug\trk_main.o section .bsct, initialized
_controlThread                 00008221   defined in Debug\interrupts.o section .text
_downKeyMightBePushed          00000101   defined in Debug\interrupts.o section .data, initialized
_drive_AB                      000089dc   defined in Debug\trk_main.o section .text
_drive_AC                      000089f8   defined in Debug\trk_main.o section .text
_drive_Allign                  00008a3b   defined in Debug\trk_main.o section .text
_drive_AllignStep2             00008a3e   defined in Debug\trk_main.o section .text
_drive_BA                      0000893a   defined in Debug\trk_main.o section .text
_drive_BC                      0000891e   defined in Debug\trk_main.o section .text
_drive_CA                      0000897d   defined in Debug\trk_main.o section .text
_drive_CB                      00008999   defined in Debug\trk_main.o section .text
_exit                          0000810b   defined in C:\Program Files (x86)\COSMIC\FSE_Compilers\CXSTM8\lib\crtsi0.sm8 section .text
_getLowSideDuty                00008aea   defined in Debug\trk_main.o section .text
_getLowSideLoad                00008ae4   defined in Debug\trk_main.o section .text
_getResult                     00008aed   defined in Debug\trk_main.o section .text
_letNewPress                   00000002   defined in Debug\ata_key.o section .bsct, initialized
_lowSideDuty                   00000012   defined in Debug\trk_main.o section .bsct, initialized
_lowSideLoad                   00000010   defined in Debug\trk_main.o section .bsct, initialized
_main                          00008b62   defined in Debug\trk_main.o section .text
                                          used in C:\Program Files (x86)\COSMIC\FSE_Compilers\CXSTM8\lib\crtsi0.sm8
_mainTimerLoad                 0000000e   defined in Debug\trk_main.o section .bsct, initialized
_msg_callback                  00000019   defined in Debug\ata_message.o section .ubsct
                                          used in Debug\ata_main.o
_msg_pushcallback              00000017   defined in Debug\ata_message.o section .ubsct
                                          used in Debug\ata_key.o
_power_off_button_pressed      00000103   defined in Debug\interrupts.o section .data, initialized
_power_on_button_pressed       00000104   defined in Debug\interrupts.o section .data, initialized
_pressedKey                    00000001   defined in Debug\ata_key.o section .bsct, initialized
_setLowSideDuty                00008ae7   defined in Debug\trk_main.o section .text
_setLowSideLoad                00008ae1   defined in Debug\trk_main.o section .text
_stepping                      00008a41   defined in Debug\trk_main.o section .text
                                          used in Debug\interrupts.o
_testState                     0000000d   defined in Debug\trk_main.o section .bsct, initialized
_testThread                    00008a8c   defined in Debug\trk_main.o section .text
_trigState                     00000100   defined in Debug\interrupts.o section .data, initialized
_trk_CheckMessage              00008656   defined in Debug\trk_message.o section .text
_trk_FindAndPushMessage        00008555   defined in Debug\trk_message.o section .text
_trk_FindMessagePosition       00008587   defined in Debug\trk_message.o section .text
_trk_Fire1msTimer              0000882e   defined in Debug\trk_message.o section .text
_trk_GetMaxMessegeCounter      00008552   defined in Debug\trk_message.o section .text
_trk_GetMessageRemainingTime   0000860c   defined in Debug\trk_message.o section .text
_trk_IsMessagePushed           000085e8   defined in Debug\trk_message.o section .text
_trk_KeyCallback               00008910   defined in Debug\trk_app.o section .text
_trk_KillAllMessages           000088e0   defined in Debug\trk_message.o section .text
_trk_Message                   000088b7   defined in Debug\trk_message.o section .text
_trk_MessageInit               000088f6   defined in Debug\trk_message.o section .text
                                          used in Debug\trk_main.o
_trk_ProcessMessages           00008880   defined in Debug\trk_message.o section .text
_trk_ProcessNull               00008b8c   defined in Debug\trk_messagefunctions.o section .text
_trk_PushMessage               00008773   defined in Debug\trk_message.o section .text
                                          used in Debug\ata_main.o
                                                  Debug\trk_main.o
_trk_PushMessage1ms            0000871c   defined in Debug\trk_message.o section .text
_trk_PushMessageLong           00008728   defined in Debug\trk_message.o section .text
_trk_StopMessage               00008903   defined in Debug\trk_message.o section .text
_trk_SystemClock               00000003   defined in Debug\trk_message.o section .bsct, initialized
_trk_appInit                   00008917   defined in Debug\trk_app.o section .text
                                          used in Debug\trk_main.o
_trk_messageFunctionsArray     00008094   defined in Debug\trk_messagefunctions.o section .const
                                          used in Debug\trk_message.o
_upKeyMightBePushed            00000102   defined in Debug\interrupts.o section .data, initialized
c_bmulx                        00008b95   defined in (C:\Program Files (x86)\COSMIC\FSE_Compilers\CXSTM8\lib\libm0.sm8)bmulx.o section .text
                                          used in Debug\low_level_initialization.o
c_divsl                        00008c32   defined in (C:\Program Files (x86)\COSMIC\FSE_Compilers\CXSTM8\lib\libm0.sm8)ldiv.o section .text
                                          *** not used ***
c_divul                        00008c49   defined in (C:\Program Files (x86)\COSMIC\FSE_Compilers\CXSTM8\lib\libm0.sm8)ldiv.o section .text
                                          used in (C:\Program Files (x86)\COSMIC\FSE_Compilers\CXSTM8\lib\libm0.sm8)ludiv.o
                                                  (C:\Program Files (x86)\COSMIC\FSE_Compilers\CXSTM8\lib\libm0.sm8)lumod.o
c_imul                         00008ba3   defined in (C:\Program Files (x86)\COSMIC\FSE_Compilers\CXSTM8\lib\libm0.sm8)imul.o section .text
                                          used in Debug\trk_main.o
c_ladd                         00008bc4   defined in (C:\Program Files (x86)\COSMIC\FSE_Compilers\CXSTM8\lib\libm0.sm8)ladd.o section .text
                                          used in Debug\trk_message.o
c_lcmp                         00008bdc   defined in (C:\Program Files (x86)\COSMIC\FSE_Compilers\CXSTM8\lib\libm0.sm8)lcmp.o section .text
                                          used in Debug\trk_message.o
c_lgadc                        00008bfc   defined in (C:\Program Files (x86)\COSMIC\FSE_Compilers\CXSTM8\lib\libm0.sm8)lgadc.o section .text
                                          used in Debug\trk_message.o
c_lgneg                        00008d1d   defined in (C:\Program Files (x86)\COSMIC\FSE_Compilers\CXSTM8\lib\libm0.sm8)lgneg.o section .text
                                          used in (C:\Program Files (x86)\COSMIC\FSE_Compilers\CXSTM8\lib\libm0.sm8)ldiv.o
c_lneg                         00008d30   defined in (C:\Program Files (x86)\COSMIC\FSE_Compilers\CXSTM8\lib\libm0.sm8)lneg.o section .text
                                          used in (C:\Program Files (x86)\COSMIC\FSE_Compilers\CXSTM8\lib\libm0.sm8)ldiv.o
c_lreg                         0000007f   defined in (C:\Program Files (x86)\COSMIC\FSE_Compilers\CXSTM8\lib\libm0.sm8)lreg.o section .ubsct
                                          used in Debug\ata_main.o
                                                  Debug\interrupts.o
                                                  Debug\ata_key.o
                                                  Debug\trk_message.o
                                                  Debug\trk_main.o
                                                  Debug\trk_messagefunctions.o
                                                  (C:\Program Files (x86)\COSMIC\FSE_Compilers\CXSTM8\lib\libm0.sm8)ladd.o
                                                  (C:\Program Files (x86)\COSMIC\FSE_Compilers\CXSTM8\lib\libm0.sm8)lcmp.o
                                                  (C:\Program Files (x86)\COSMIC\FSE_Compilers\CXSTM8\lib\libm0.sm8)ltor.o
                                                  (C:\Program Files (x86)\COSMIC\FSE_Compilers\CXSTM8\lib\libm0.sm8)ldiv.o
                                                  (C:\Program Files (x86)\COSMIC\FSE_Compilers\CXSTM8\lib\libm0.sm8)lneg.o
                                                  (C:\Program Files (x86)\COSMIC\FSE_Compilers\CXSTM8\lib\libm0.sm8)lumod.o
                                                  (C:\Program Files (x86)\COSMIC\FSE_Compilers\CXSTM8\lib\libm0.sm8)rtol.o
                                                  (C:\Program Files (x86)\COSMIC\FSE_Compilers\CXSTM8\lib\libm0.sm8)utolx.o
                                                  (C:\Program Files (x86)\COSMIC\FSE_Compilers\CXSTM8\lib\libm0.sm8)umul.o
c_ltor                         00008c0c   defined in (C:\Program Files (x86)\COSMIC\FSE_Compilers\CXSTM8\lib\libm0.sm8)ltor.o section .text
                                          used in Debug\trk_message.o
c_ludv                         00008c1e   defined in (C:\Program Files (x86)\COSMIC\FSE_Compilers\CXSTM8\lib\libm0.sm8)ludiv.o section .text
                                          used in Debug\trk_message.o
c_lumd                         00008d45   defined in (C:\Program Files (x86)\COSMIC\FSE_Compilers\CXSTM8\lib\libm0.sm8)lumod.o section .text
                                          used in Debug\trk_message.o
c_rtol                         00008d5f   defined in (C:\Program Files (x86)\COSMIC\FSE_Compilers\CXSTM8\lib\libm0.sm8)rtol.o section .text
                                          used in Debug\trk_message.o
c_uitolx                       00008d71   defined in (C:\Program Files (x86)\COSMIC\FSE_Compilers\CXSTM8\lib\libm0.sm8)utolx.o section .text
                                          used in Debug\trk_message.o
c_umul                         00008d78   defined in (C:\Program Files (x86)\COSMIC\FSE_Compilers\CXSTM8\lib\libm0.sm8)umul.o section .text
                                          used in Debug\trk_message.o
c_x                            00000083   defined in (C:\Program Files (x86)\COSMIC\FSE_Compilers\CXSTM8\lib\libm0.sm8)xreg.o section .ubsct
                                          used in C:\Program Files (x86)\COSMIC\FSE_Compilers\CXSTM8\lib\crtsi0.sm8
                                                  Debug\interrupts.o
                                                  (C:\Program Files (x86)\COSMIC\FSE_Compilers\CXSTM8\lib\libm0.sm8)bmulx.o
                                                  (C:\Program Files (x86)\COSMIC\FSE_Compilers\CXSTM8\lib\libm0.sm8)imul.o
                                                  (C:\Program Files (x86)\COSMIC\FSE_Compilers\CXSTM8\lib\libm0.sm8)ldiv.o
                                                  (C:\Program Files (x86)\COSMIC\FSE_Compilers\CXSTM8\lib\libm0.sm8)umul.o
c_y                            00000086   defined in (C:\Program Files (x86)\COSMIC\FSE_Compilers\CXSTM8\lib\libm0.sm8)yreg.o section .ubsct
                                          used in C:\Program Files (x86)\COSMIC\FSE_Compilers\CXSTM8\lib\crtsi0.sm8
                                                  Debug\interrupts.o
                                                  (C:\Program Files (x86)\COSMIC\FSE_Compilers\CXSTM8\lib\libm0.sm8)umul.o
f_NonHandledInterrupt          00008db4   defined in Debug\stm8_interrupt_vector.o section .text
